// Vitest Snapshot v1, https://vitest.dev/guide/snapshot.html

exports[`Button > renders a Button component 1`] = `
<button
  class="sc-bcXGCL hyeVjf"
>
  foo
</button>
`;
