// Vitest Snapshot v1, https://vitest.dev/guide/snapshot.html

exports[`DatePicker > renders DatePicker component 1`] = `
{
  "asFragment": [Function],
  "baseElement": <body>
    <div>
      <div
        class="css-1gzecui"
      >
        <div
          class="css-1gzecui"
        >
          <input
            class="css-166c21b"
            data-testid="date-picker-year"
            max="2100"
            min="1900"
            name="year"
            step="1"
            type="input"
            value="2024"
          />
          <label
            for="year"
          >
            년
          </label>
          <input
            class="css-166c21b"
            data-testid="date-picker-month"
            max="12"
            min="1"
            name="month"
            step="1"
            type="input"
            value="1"
          />
          <label
            for="month"
          >
            월
          </label>
          <button
            class="css-wieti"
          >
            초기화
          </button>
        </div>
      </div>
    </div>
  </body>,
  "container": <div>
    <div
      class="css-1gzecui"
    >
      <div
        class="css-1gzecui"
      >
        <input
          class="css-166c21b"
          data-testid="date-picker-year"
          max="2100"
          min="1900"
          name="year"
          step="1"
          type="input"
          value="2024"
        />
        <label
          for="year"
        >
          년
        </label>
        <input
          class="css-166c21b"
          data-testid="date-picker-month"
          max="12"
          min="1"
          name="month"
          step="1"
          type="input"
          value="1"
        />
        <label
          for="month"
        >
          월
        </label>
        <button
          class="css-wieti"
        >
          초기화
        </button>
      </div>
    </div>
  </div>,
  "debug": [Function],
  "findAllByAltText": [Function],
  "findAllByDisplayValue": [Function],
  "findAllByLabelText": [Function],
  "findAllByPlaceholderText": [Function],
  "findAllByRole": [Function],
  "findAllByTestId": [Function],
  "findAllByText": [Function],
  "findAllByTitle": [Function],
  "findByAltText": [Function],
  "findByDisplayValue": [Function],
  "findByLabelText": [Function],
  "findByPlaceholderText": [Function],
  "findByRole": [Function],
  "findByTestId": [Function],
  "findByText": [Function],
  "findByTitle": [Function],
  "getAllByAltText": [Function],
  "getAllByDisplayValue": [Function],
  "getAllByLabelText": [Function],
  "getAllByPlaceholderText": [Function],
  "getAllByRole": [Function],
  "getAllByTestId": [Function],
  "getAllByText": [Function],
  "getAllByTitle": [Function],
  "getByAltText": [Function],
  "getByDisplayValue": [Function],
  "getByLabelText": [Function],
  "getByPlaceholderText": [Function],
  "getByRole": [Function],
  "getByTestId": [Function],
  "getByText": [Function],
  "getByTitle": [Function],
  "queryAllByAltText": [Function],
  "queryAllByDisplayValue": [Function],
  "queryAllByLabelText": [Function],
  "queryAllByPlaceholderText": [Function],
  "queryAllByRole": [Function],
  "queryAllByTestId": [Function],
  "queryAllByText": [Function],
  "queryAllByTitle": [Function],
  "queryByAltText": [Function],
  "queryByDisplayValue": [Function],
  "queryByLabelText": [Function],
  "queryByPlaceholderText": [Function],
  "queryByRole": [Function],
  "queryByTestId": [Function],
  "queryByText": [Function],
  "queryByTitle": [Function],
  "rerender": [Function],
  "unmount": [Function],
}
`;

exports[`DatePicker > renders with specified date 1`] = `
{
  "asFragment": [Function],
  "baseElement": <body>
    <div>
      <div
        class="css-1gzecui"
      >
        <div
          class="css-1gzecui"
        >
          <input
            class="css-166c21b"
            data-testid="date-picker-year"
            max="2100"
            min="1900"
            name="year"
            step="1"
            type="input"
            value="2024"
          />
          <label
            for="year"
          >
            년
          </label>
          <input
            class="css-166c21b"
            data-testid="date-picker-month"
            max="12"
            min="1"
            name="month"
            step="1"
            type="input"
            value="1"
          />
          <label
            for="month"
          >
            월
          </label>
          <button
            class="css-wieti"
          >
            초기화
          </button>
        </div>
      </div>
    </div>
  </body>,
  "container": <div>
    <div
      class="css-1gzecui"
    >
      <div
        class="css-1gzecui"
      >
        <input
          class="css-166c21b"
          data-testid="date-picker-year"
          max="2100"
          min="1900"
          name="year"
          step="1"
          type="input"
          value="2024"
        />
        <label
          for="year"
        >
          년
        </label>
        <input
          class="css-166c21b"
          data-testid="date-picker-month"
          max="12"
          min="1"
          name="month"
          step="1"
          type="input"
          value="1"
        />
        <label
          for="month"
        >
          월
        </label>
        <button
          class="css-wieti"
        >
          초기화
        </button>
      </div>
    </div>
  </div>,
  "debug": [Function],
  "findAllByAltText": [Function],
  "findAllByDisplayValue": [Function],
  "findAllByLabelText": [Function],
  "findAllByPlaceholderText": [Function],
  "findAllByRole": [Function],
  "findAllByTestId": [Function],
  "findAllByText": [Function],
  "findAllByTitle": [Function],
  "findByAltText": [Function],
  "findByDisplayValue": [Function],
  "findByLabelText": [Function],
  "findByPlaceholderText": [Function],
  "findByRole": [Function],
  "findByTestId": [Function],
  "findByText": [Function],
  "findByTitle": [Function],
  "getAllByAltText": [Function],
  "getAllByDisplayValue": [Function],
  "getAllByLabelText": [Function],
  "getAllByPlaceholderText": [Function],
  "getAllByRole": [Function],
  "getAllByTestId": [Function],
  "getAllByText": [Function],
  "getAllByTitle": [Function],
  "getByAltText": [Function],
  "getByDisplayValue": [Function],
  "getByLabelText": [Function],
  "getByPlaceholderText": [Function],
  "getByRole": [Function],
  "getByTestId": [Function],
  "getByText": [Function],
  "getByTitle": [Function],
  "queryAllByAltText": [Function],
  "queryAllByDisplayValue": [Function],
  "queryAllByLabelText": [Function],
  "queryAllByPlaceholderText": [Function],
  "queryAllByRole": [Function],
  "queryAllByTestId": [Function],
  "queryAllByText": [Function],
  "queryAllByTitle": [Function],
  "queryByAltText": [Function],
  "queryByDisplayValue": [Function],
  "queryByLabelText": [Function],
  "queryByPlaceholderText": [Function],
  "queryByRole": [Function],
  "queryByTestId": [Function],
  "queryByText": [Function],
  "queryByTitle": [Function],
  "rerender": [Function],
  "unmount": [Function],
}
`;
